// Jest Snapshot v1, https://goo.gl/fbAQLP

exports[`Cancel Reservation Button should render cancel reservation button 1`] = `
<button
  className="btn btn-outline-secondary btn-sm"
  onClick={[Function]}
  type="button"
>
  Cancel Resevation
</button>
`;
